[2026-08-19 19:28:01.930] [INFO ] [P7128:T10532] diagnostics initialized; module=0x00007FF9777F0000 size=0x7A3000
[2026-08-19 19:28:01.930] [DEBUG] [P7128:T10532] stage: dll attach
[2026-08-19 19:28:01.930] [DEBUG] [P7128:T10532] build: development diagnostics
[2026-08-19 19:28:01.930] [DEBUG] [P7128:T10532] stage: crt done, spawning thread
[2026-08-19 19:28:01.931] [DEBUG] [P7128:T6552] stage: thread start
[2026-08-19 19:28:01.932] [INFO ] [P7128:T6552] crash dumps enabled; path=C:\Users\az\Downloads\swiftrecoded-ui-fix-rapemaxxing\swiftrecoded-ui-fix-rapemaxxing\velocity_crash.dmp
[2026-08-19 19:28:01.933] [INFO ] [P7128:T6552] crash handlers installed
[2026-08-19 19:28:01.933] [DEBUG] [P7128:T6552] stage: coinit
[2026-08-19 19:28:01.933] [DEBUG] [P7128:T6552] stage: config
[2026-08-19 19:28:01.936] [DEBUG] [P7128:T6552] stage: regions
[2026-08-19 19:28:01.937] [DEBUG] [P7128:T6552] stage: logging
[2026-08-19 19:28:02.172] [DEBUG] [P7128:T6552] stage: integrity
[2026-08-19 19:28:02.172] [INFO ] [P7128:T6552] Source 2 fatal minidump path hooked
[2026-08-19 19:28:02.172] [INFO ] [P7128:T6552] forced process termination capture hooked
[2026-08-19 19:28:02.180] [DEBUG] [P7128:T6552] stage: addresses
[2026-08-19 19:28:02.180] [INFO ] [P7128:T6552] [modules] client:              0x7ff96bf50000
[2026-08-19 19:28:02.180] [INFO ] [P7128:T6552] [modules] engine2:             0x7ff995320000
[2026-08-19 19:28:02.180] [INFO ] [P7128:T6552] [modules] server:              0x7ff9704a0000
[2026-08-19 19:28:02.181] [INFO ] [P7128:T6552] [modules] scene_system:        0x7ff981110000
[2026-08-19 19:28:02.181] [INFO ] [P7128:T6552] [modules] material_system2:    0x7ffa05430000
[2026-08-19 19:28:02.181] [INFO ] [P7128:T6552] [modules] render_system_dx11:  0x7ff990960000
[2026-08-19 19:28:02.181] [INFO ] [P7128:T6552] [modules] panorama:            0x7ff97ab50000
[2026-08-19 19:28:02.181] [INFO ] [P7128:T6552] [modules] game_overlay:        0x7ffa08aa0000
[2026-08-19 19:28:02.181] [INFO ] [P7128:T6552] [modules] schema_system:       0x7ffa0a4e0000
[2026-08-19 19:28:02.181] [INFO ] [P7128:T6552] [modules] input_system:        0x7ffa2de40000
[2026-08-19 19:28:02.181] [INFO ] [P7128:T6552] [modules] sound_system:        0x7ff9851e0000
[2026-08-19 19:28:02.181] [INFO ] [P7128:T6552] [modules] tier0:               0x7ff998060000
[2026-08-19 19:28:02.181] [INFO ] [P7128:T6552] [modules] particles:           0x7ff9808f0000
[2026-08-19 19:28:02.181] [INFO ] [P7128:T6552] [modules] resource_system:     0x7ffa0a2d0000
[2026-08-19 19:28:02.181] [INFO ] [P7128:T6552] [modules] localize:            0x7ffa24cc0000
[2026-08-19 19:28:02.181] [INFO ] [P7128:T6552] [modules] mesh_system:         0x7ff995110000
[2026-08-19 19:28:02.181] [INFO ] [P7128:T6552] [modules] file_system_stdio:   0x7ff99b920000
[2026-08-19 19:28:02.181] [INFO ] [P7128:T6552] [modules] vphysics2:           0x7ff98dd10000
[2026-08-19 19:28:02.508] [DEBUG] [P7128:T6552] stage: systems
[2026-08-19 19:28:02.743] [INFO ] [P7128:T6552] [model_preview] initialized
[2026-08-19 19:28:02.743] [DEBUG] [P7128:T6552] stage: econ
[2026-08-19 19:28:02.957] [DEBUG] [P7128:T6552] stage: hooks
[2026-08-19 19:28:03.153] [DEBUG] [P7128:T6552] stage: cvars
[2026-08-19 19:28:03.153] [DEBUG] [P7128:T6552] stage: skyboxes
[2026-08-19 19:28:03.154] [DEBUG] [P7128:T6552] stage: done
[2026-08-19 19:28:21.130] [INFO ] [P7128:T8156] [ModelChanger] Found 2 player models
[2026-08-19 19:28:30.744] [INFO ] [P7128:T8156] [ModelChanger] Found 2 player models
[2026-08-19 19:28:44.153] [INFO ] [P7128:T5752] [scoreboard_weapons] level change — state reset
[2026-08-19 19:28:44.154] [INFO ] [P7128:T5752] [scoreboard_weapons] level change — state reset
[2026-08-19 19:28:47.010] [DEBUG] [P7128:T5752] create_move: feature pipeline begin
[2026-08-19 19:28:47.010] [DEBUG] [P7128:T5752] create_move: shared and combat misc ready
[2026-08-19 19:28:47.010] [DEBUG] [P7128:T5752] create_move: pre-combat movement end
[2026-08-19 19:28:47.010] [DEBUG] [P7128:T5752] create_move: rage begin
[2026-08-19 19:28:47.053] [DEBUG] [P7128:T5752] prediction: state saved
[2026-08-19 19:28:47.053] [DEBUG] [P7128:T5752] prediction: context ready
[2026-08-19 19:28:47.053] [DEBUG] [P7128:T5752] prediction: move ready
[2026-08-19 19:28:47.053] [DEBUG] [P7128:T5752] prediction: movement processed
[2026-08-19 19:28:47.054] [DEBUG] [P7128:T5752] prediction: move finished
[2026-08-19 19:28:47.054] [DEBUG] [P7128:T5752] prediction: context cleaned
[2026-08-19 19:28:47.054] [DEBUG] [P7128:T5752] prediction: callback begin
[2026-08-19 19:28:47.056] [DEBUG] [P7128:T5752] prediction: callback end
[2026-08-19 19:28:47.056] [DEBUG] [P7128:T5752] prediction: restore begin
[2026-08-19 19:28:47.056] [DEBUG] [P7128:T5752] prediction: restore end
[2026-08-19 19:28:47.056] [DEBUG] [P7128:T5752] create_move: rage end
[2026-08-19 19:28:47.056] [DEBUG] [P7128:T5752] create_move: legit begin
[2026-08-19 19:28:47.056] [DEBUG] [P7128:T5752] create_move: legit end
[2026-08-19 19:28:47.056] [DEBUG] [P7128:T5752] create_move: post-combat movement end
[2026-08-19 19:28:47.056] [DEBUG] [P7128:T5752] create_move: quickpeek end
[2026-08-19 19:28:47.056] [DEBUG] [P7128:T5752] create_move: final subtick begin
[2026-08-19 19:28:47.056] [DEBUG] [P7128:T5752] create_move: final subtick end
[2026-08-19 19:28:47.057] [DEBUG] [P7128:T5752] create_move: input apply begin
[2026-08-19 19:28:47.099] [DEBUG] [P7128:T5752] create_move: input apply end
[2026-08-19 19:28:47.109] [INFO ] [P7128:T5752] [ModelChanger] Initializing signatures...
[2026-08-19 19:28:47.113] [INFO ] [P7128:T5752] [error] pattern not found | ?Insert@CBufferString@@QEAAPEBDHPEBDH_N@Z
[2026-08-19 19:28:47.870] [FATAL] [P7128:T21560] crash captured; stage="game fatal handler (Source 2 caught the exception)" exception=UNKNOWN (0xE06D7363) fault_thread=5752 location=KERNELBASE.dll+0x25369
[2026-08-19 19:28:47.872] [FATAL] [P7128:T21560] registers; rip=0x00007FFA4F825369 rsp=0x000000DC1D9BC7E0 rbp=0x0000000000000001 rax=0x0000000000000000 rbx=0x00007FF977C71DC0 rcx=0x0000000000000000 rdx=0x0000000000000000 rsi=0x000000DC1D9BC948 rdi=0x0000000019930520
[2026-08-19 19:28:48.518] [FATAL] [P7128:T21560] minidump written: C:\Users\az\Downloads\swiftrecoded-ui-fix-rapemaxxing\swiftrecoded-ui-fix-rapemaxxing\velocity_crash.dmp
