[2026-08-26 14:19:22] Starting authentication for key: FH9uuV-s... HWID: 02b5dd08ce8c3269
[2026-08-26 14:19:23] Server Response (HTTP 404): <!DOCTYPE html>
<html style="height:100%">
<head>
<meta name="viewport" content="width=device-width, initial-scale=1, shrink-to-fit=no" />
<title> 404 Not Found
</title><style>@media (prefers-color-scheme:dark){body{background-color:#000!important}}</style></head>
<body style="color: #444; margin:0;font: normal 14px/20px Arial, Helvetica, sans-serif; height:100%; background-color: #fff;">
<div style="height:auto; min-height:100%; ">     <div style="text-align: center; width:800px; margin-left: -400px; position:absolute; top: 30%; left:50%;">
        <h1 style="margin:0; font-size:150px; line-height:150px; font-weight:bold;">404</h1>
<h2 style="margin-top:20px;font-size: 30px;">Not Found
</h2>
<p>The resource requested could not be found on this server!</p>
</div></div><div style="color:#f0f0f0; font-size:12px;margin:auto;padding:0px 30px 0px 30px;position:relative;clear:both;height:100px;margin-top:-101px;background-color:#474747;border-top: 1px solid rgba(0,0,0,0.15);box-shadow: 0 1px 0 rgba(255, 255, 255, 0.3) inset;">
<br>Proudly powered by LiteSpeed Web Server<p>Please be advised that LiteSpeed Technologies Inc. is not a web hosting company and, as such, has no control over content found on this site.</p></div></body></html>

[2026-08-26 14:19:23] [FAIL] HTTP Status 404: Server HTTP 404
[2026-08-26 14:22:18] Starting authentication for key: FH9uuV-s... HWID: 02b5dd08ce8c3269
[2026-08-26 14:22:19] Server Response (HTTP 404): <!DOCTYPE html>
<html style="height:100%">
<head>
<meta name="viewport" content="width=device-width, initial-scale=1, shrink-to-fit=no" />
<title> 404 Not Found
</title><style>@media (prefers-color-scheme:dark){body{background-color:#000!important}}</style></head>
<body style="color: #444; margin:0;font: normal 14px/20px Arial, Helvetica, sans-serif; height:100%; background-color: #fff;">
<div style="height:auto; min-height:100%; ">     <div style="text-align: center; width:800px; margin-left: -400px; position:absolute; top: 30%; left:50%;">
        <h1 style="margin:0; font-size:150px; line-height:150px; font-weight:bold;">404</h1>
<h2 style="margin-top:20px;font-size: 30px;">Not Found
</h2>
<p>The resource requested could not be found on this server!</p>
</div></div><div style="color:#f0f0f0; font-size:12px;margin:auto;padding:0px 30px 0px 30px;position:relative;clear:both;height:100px;margin-top:-101px;background-color:#474747;border-top: 1px solid rgba(0,0,0,0.15);box-shadow: 0 1px 0 rgba(255, 255, 255, 0.3) inset;">
<br>Proudly powered by LiteSpeed Web Server<p>Please be advised that LiteSpeed Technologies Inc. is not a web hosting company and, as such, has no control over content found on this site.</p></div></body></html>

[2026-08-26 14:22:19] [FAIL] HTTP Status 404: Server HTTP 404
[2026-08-26 14:30:23] Starting authentication for key: C:\Users... HWID: 02b5dd08ce8c3269
[2026-08-26 14:30:23] Server Response (HTTP 400): {"status":"error","message":"Invalid JSON body"}
[2026-08-26 14:30:23] [FAIL] HTTP Status 400: Invalid JSON body
[2026-08-26 14:43:08] Starting authentication for key: FH9uuV-s... HWID: 0010C982_af196105_a825_4ec5_bd6a_83bb40becda9
[2026-08-26 14:43:10] Server Response (HTTP 403): {"status":"error","message":"Request expired or replay detected"}
[2026-08-26 14:43:10] [FAIL] HTTP Status 403: Request expired or replay detected
[2026-08-26 14:43:43] Starting authentication for key: 2hdeip-x... HWID: 0010C982_af196105_a825_4ec5_bd6a_83bb40becda9
[2026-08-26 14:43:44] Server Response (HTTP 403): {"status":"error","message":"Request expired or replay detected"}
[2026-08-26 14:43:44] [FAIL] HTTP Status 403: Request expired or replay detected
[2026-08-26 14:46:32] Starting authentication for key: FH9uuV-s... HWID: 0010C982_af196105_a825_4ec5_bd6a_83bb40becda9
[2026-08-26 14:46:33] Server Response (HTTP 403): {"status":"error","message":"Request expired or replay detected"}
[2026-08-26 14:46:33] [FAIL] HTTP Status 403: Request expired or replay detected
[2026-08-26 14:48:50] Starting authentication for key: FH9uuV-s... HWID: 0010C982_af196105_a825_4ec5_bd6a_83bb40becda9
[2026-08-26 14:48:51] Server Response (HTTP 500): 
[2026-08-26 14:48:51] [FAIL] HTTP Status 500: Server HTTP 500
[2026-08-26 14:49:10] Starting authentication for key: FH9uuV-s... HWID: 0010C982_af196105_a825_4ec5_bd6a_83bb40becda9
[2026-08-26 14:49:11] Server Response (HTTP 500): 
[2026-08-26 14:49:11] [FAIL] HTTP Status 500: Server HTTP 500
[2026-08-26 14:52:54] Starting authentication for key: FH9uuV-s... HWID: 0010C982_af196105_a825_4ec5_bd6a_83bb40becda9
[2026-08-26 14:52:56] Server Response (HTTP 500): 
[2026-08-26 14:52:56] [FAIL] HTTP Status 500: Server HTTP 500
[2026-08-26 14:55:35] Starting authentication for key: FH9uuV-s... HWID: 0010C982_af196105_a825_4ec5_bd6a_83bb40becda9
[2026-08-26 14:55:37] Server Response (HTTP 500): 
[2026-08-26 14:55:37] [FAIL] HTTP Status 500: Server HTTP 500
[2026-08-26 14:58:29] Starting authentication for key: FH9uuV-s... HWID: 0010C982_af196105_a825_4ec5_bd6a_83bb40becda9
[2026-08-26 14:58:30] Server Response (HTTP 403): {"status":"error","message":"Request expired or replay detected"}
[2026-08-26 14:58:30] [FAIL] HTTP Status 403: Request expired or replay detected
[2026-08-26 15:13:04] Starting authentication for key: FH9uuV-s... HWID: 0010C982_af196105_a825_4ec5_bd6a_83bb40becda9
[2026-08-26 15:13:06] Server Response (HTTP 200): {"success":true,"session_token":"d9bc49d5c0a8cd62d1b7bd3d2959617e65afd416d85f039e5b0134086ad9855f","snonce":"15321f949f4ecb188420da90ef44ec69","cnonce":"7f67c19242c1483cda6e0d7ec0780ade","ts":1787749986,"signature":"eDEGLeXIRwONTK9cC7AgW0mlQuBvkNsaLPJrJ9swuZ8VqBp8x2O/s7f8wBodAa0m+QR4vyBqZDNm4qcTZDTNokH1tZLpfgjD9SLr2S3/4tCnTmCctm8QwehSD2k6NL5vN00q0mFC8CkL4VF/PxTELZWW2/tW0MEUlgEBFqvjulBk0UReFWjyWumGVpDjj5euTG5NKzrYQbahQVhYzLWT4EzW/6NvrhhkSYTjKdAt9iVtF+D4Zk8EcGjkeg80/66Ff6wnTX7RlBAPKEln0/0zKudENnGYM5+HKWauqmtL8/4VcxEKwl45jPb7pWEBtT3BJ+Ws0kVmComgt97sUyPkNA=="}
[2026-08-26 15:13:06] [SUCCESS] Authenticated successfully. Expiry: 
[2026-08-26 15:13:19] Starting authentication for key: FKZWCO-P... HWID: 0010C982_af196105_a825_4ec5_bd6a_83bb40becda9
[2026-08-26 15:13:20] Server Response (HTTP 403): {"success":false,"error":"HWID doesn't match. Ask for a HWID reset"}
[2026-08-26 15:13:20] [FAIL] Auth status failure: HWID doesn't match. Ask for a HWID reset
[2026-08-26 15:13:37] Starting authentication for key: FH9uuV-s... HWID: 0010C982_af196105_a825_4ec5_bd6a_83bb40becda9
[2026-08-26 15:13:39] Server Response (HTTP 200): {"success":true,"session_token":"17803ccb15a9901b53609078346becfdcbf24264038571b8e699b23fcadcba53","snonce":"3706867a816d3bf9e4c9fe5788048420","cnonce":"591e33a1b80546a285f73b689e770f08","ts":1787750018,"signature":"R8ui3WcbjkE8K58rD1AOh0w0ZJNUsZY6fYHszWalEgecKztO2au6vT2QFattoBRA06gqE0Bkd/iZyrABtyFlMx4Fb/sfRYgKl7AE4sQmAOJYUv4S3HPLLBfx0BCZLXemZ2LxEmgEKMeK5QOQT6DGSd0p31uoamiMxRZd2LWuWWekcRgeVQP98OoigEZUiad81a6/gJFY0Tm693zeTW7kcJNJAReIUXgte43LnJINJn+a2YqxX6WJmQplM+MYkfCsamv+sj9JEfmgRwMkzNVjrdqBBoHzJFfOjYECrvYk8q1+oK3HY4WddFljbNc3JIdSmDaOB6N5nK5ZQF7VDPjDQg=="}
[2026-08-26 15:13:39] [SUCCESS] Authenticated successfully. Expiry: 
[2026-08-26 15:15:35] Starting authentication for key: FH9uuV-s... HWID: 0010C982_af196105_a825_4ec5_bd6a_83bb40becda9
[2026-08-26 15:15:37] Server Response (HTTP 200): {"success":true,"session_token":"9b2ce5c17bbbbb63c9b25901d25040dde92f8787ac9302fa1e04b0d88ca39f97","snonce":"59f0c1bb557d779987f11fd359ddac1d","cnonce":"223d1396f316b12adec9929bce33e9b0","ts":1787750136,"signature":"EG+54Rp4SxnUkda20m2VMu1UGOUFAfIRaxkSOgndT/ANJ8lYKOiFn37y92/wdRo05tMFAPuneoaMQimxQMFLBRqM9xJIjZyP2REjDeeuKa4pLmC8pFHQQVc8ChNNgVsFnJHb2LbLLJcEjDCBioYr3dS5UDoZoumbM3akbmct8utMhFatYiUcHEB5p/qj6h4bUbII4TFa9mWhrFE30qy7oxEhKgGcgigKj3Ra6n/3Za44gv99TJC4lqNTTxqnR/RgX9ICvrXaUIzf+z3PbsdFPa2BTeQ3nuHP3Tq7wpfkrBDEJRVQXtlfhsIwWFe7I/9k9ko+2dLvLLSbLnnexZzAhA=="}
[2026-08-26 15:15:37] [SUCCESS] Authenticated successfully. Expiry: 
[2026-08-26 15:17:41] Starting authentication for key: FH9uuV-s... HWID: 0010C982_af196105_a825_4ec5_bd6a_83bb40becda9
[2026-08-26 15:17:43] Server Response (HTTP 200): {"success":true,"session_token":"e83af9743b7c6ac0f10f9ad31afd4a4fd9dfc388dd1acf5a6303fc6c852a1e25","snonce":"8e865897fa45ae3ac05113359d324a02","cnonce":"29bf506808c2fe226ec3a3ef6d954b1f","ts":1787750262,"signature":"E2JMHisKwaFJafE8y1nv/JRERr+iQmp7q7fLCN4HqWd98Lons3MXO7WFGkwIdMOniIPc11KjCnMP53vBALfocXfS7OQ6xJ+MPtKuI49EXjVl1/iOLu1s17oc49loJFburnHkx5+S0t8uVbECQKGwEEqJGB3FyaUv0OJ2Y9NYLVAFe/1p1gSZ6+ToM6KyCfPxJq8LtfC/XRjK3IBGtQAcn4LGRktOr9T2fgJ/4FQpIX6nlC22o6eC3S2qZgXsFoPtfQtOwDYB2ZEc0hIrkit/uP3XAgJEtF94b5kO3EF/6pfNlISW327rNdCei2VevbqQVKlow1Lw2n1ZHLn7sWkR1w=="}
[2026-08-26 15:17:43] [SUCCESS] Authenticated successfully. Expiry: 
[2026-08-26 15:22:47] Starting authentication for key: FH9uuV-s... HWID: 0010C982_af196105_a825_4ec5_bd6a_83bb40becda9
[2026-08-26 15:22:49] Server Response (HTTP 200): {"success":true,"session_token":"601e637236f771d44b3c4f7e51f305464b572bb4e75ad005e2786e4a2dfa6c1d","snonce":"7aef558d44ff10ec0727b45a61372465","cnonce":"95a82afc4b0f7c16fcc451a798499ddb","ts":1787750568,"signature":"rsfEZTJHRJuFsVjpQkMm6WYxOCPsPgUvSwZ3xPPfbQaLk6qfHPos/G2iIwvmrp0OeWx1Ya4mzGpP4Tixl/Ey4EP4MXlSKiTA9ddBzsMvlNOEzIkffMOfLRkgx6uiHKwQHXNkJ1IUeKqW9rUksBX/W9/ar4LGsawVtvXPnmmbUqPajw1l9cFS0eb6NqIgdT3xdgzmLobu4MvW5DJHmCq7DX4xlKSC1XMwoilL0uVTWQOzK0AnO8E21abhp5WsCzGFko2Az8sVOMQj/qs4yGvYbwDWvO6YoTK46/g6MTOKkmkMzQo8tYAyZQBltP9dQTIGsF+qBs2rYnofC1h3kD15uA=="}
[2026-08-26 15:22:49] [SUCCESS] Authenticated successfully. Expiry: 
[2026-08-26 15:23:15] Starting authentication for key: FH9uuV-s... HWID: 0010C982_af196105_a825_4ec5_bd6a_83bb40becda9
[2026-08-26 15:23:17] Server Response (HTTP 200): {"success":true,"session_token":"443b61b8cd469e3c36f00bb2a0536e3374aca79f98c63fd90debe4f4537119c7","snonce":"18ce415bfdd40be3c2749aac1bd7e16c","cnonce":"c8c0e3141a9fedd42a9de01a1dfed019","ts":1787750596,"signature":"vik/8cwr8fXyV0c6ubA2OEHA3Jc5fFT0E2Bc1+SXs1T046Grwh71C6g0BXYDmqibny1YsHajgQ6qM1dkDRow4ZQPSVxXqjn8uH98RysInDTAHEtgIMmVYpC4vTiBVlbWwXAF/p5YsNrAge7UJoDxm2lxB81lM6rlp4Tp/Wezs2DHeNFRUuhdYyRWYenGFX2C9nsY8byvglGXVhrzcUJRhYbeJejVc7xsQbA8pOIny9aUiahJMfWXZiTLhaidg6rprnbRcMDO+yYe1R7LAcqdWmo/ic2Lkv2yIJezxNPSIpfWZb5lj46/VqZ65hwTYAb/kY2mongWdEwPPp/4y2585w=="}
[2026-08-26 15:23:17] [SUCCESS] Authenticated successfully. Expiry: 
[2026-08-26 15:32:01] Starting authentication for key: FH9uuV-s... HWID: 0010C982_af196105_a825_4ec5_bd6a_83bb40becda9
[2026-08-26 15:32:02] Server Response (HTTP 200): {"success":true,"session_token":"269e4fa0025d4838bc40df8474e7a87369ba2f8525a86076d52fdcf1c1dadddd","snonce":"9978ba071d80a78dc26e33eac8025d4b","cnonce":"9971e472cb75787c56e24576d0c2651e","ts":1787751121,"signature":"LiQkXe18lzqnSEs8i7xW3BIrrcAGgUNkre5LiH1GE5rmgSZtpc2dyYaJ+FZoY42sV9wgN/KG/zZfVJUcmMgNd1b/ZJSyXLgCud7GUOdcloMI+y5UruGgnY9UVB7du6JiB9nWwuGQlyCclJ24I4shZJBRaaOfAWyxko0SDWMWHxco5mxPQH5BX4Vy3AWvYAbJ6Cn1eAFqWVMEha8/Cw3UVgxnJVS82PzXvE/LMpiSJk2xDpfUBAulapbP10CadHuPcwRa8QnKRsaTNDJ6c/L9fylqtoAr+YHIbcE8/8PrCdSSfjuxMbcrqWWwrSfoDJkRq4B6D7TNezJ7nbwaZ20CkQ=="}
[2026-08-26 15:32:02] [SUCCESS] Authenticated successfully. Expiry: 
[2026-08-26 15:41:18] Starting authentication for key: FH9uuV-s... HWID: 0010C982_af196105_a825_4ec5_bd6a_83bb40becda9
[2026-08-26 15:41:20] Server Response (HTTP 200): {"success":true,"session_token":"6fba79e1e7d5ee02a959d08af54e6c79876f2eaf67c98c08f3df1a40bb736afc","snonce":"4c0d4449eb77d3e8d1bef2e7aad56fc8","cnonce":"2bcebc0d3a750977a64d97688be05c09","ts":1787751679,"signature":"tgnhz/GBlJadZ8Chj9OJh7Ouh0lJKhPYWEmdpOpekS6VhPpRc9tew4Uc26WcZNBxFAeKSxS4P8OaAqjLwVsI8SJ6j1LhfVP+J+ndOPZn4QuVNzL5yAZWudSnBPGNlNPXTcacfD5UWv5wL39nEksOoSqzKO+SCegE13Svlo6kLBE4BNuPVqYpe3anoboUXKlXNovNsm6DBAW/wKxbTErS5HLykA1un45gI5WZvrU+eS2ExXbhcj0wmwyVEepXLkFqAk7rD1bhzWlwo8Nzfy4dTsId1uRgoOSILCdMDR4av/+/4apGqzNoYDWFhEKG+YGC4s2Ka+gmpWyxGkIVFDs8VQ=="}
[2026-08-26 15:41:20] [SUCCESS] Authenticated successfully. Expiry: 
[2026-08-26 15:43:23] Starting authentication for key: FH9uuV-s... HWID: 0010C982_af196105_a825_4ec5_bd6a_83bb40becda9
[2026-08-26 15:43:25] Server Response (HTTP 200): {"success":true,"session_token":"b6d22b9ff3e1c098336a32d0d305436ace5deb60490b034ab625c53b52b8ddaf","snonce":"765c02a1682164a3afc80b5c680da145","cnonce":"f0f84f80a0ef82a6c5b39d7c9634dbcc","ts":1787751804,"signature":"NhFYmAD2/zvcLw0By8Is7rNAzw1JCz5o6PISBCCceoK9gQvU3MrwzIi6+gA+upkbQrYEtNmmEOjqRcVHRzedluWOPxcElTNuy15M6igQAz9UUw3Z856DSN9EiBe6iS/Jb5vByJ9IFrQkw3fSdYy5nDLwZwSbfOGxYvi/TCh9a3gZfjxbaD3gDcz9rMGsqkllOXVUH9CzJoBliL0Ud+WIPDoHG7Np0Br9L6OocMDkVBMSsg5Of6+N5ZC97kASTG9Ab6pNMzCpcl0/UEsI6KbUJssFvv6AUG0U6JhW/E022+rGjhhsjBNOIq3GVDTFlsrAjqbUVn58lIOT3sTRFzqQOA=="}
[2026-08-26 15:43:25] [SUCCESS] Authenticated successfully. Expiry: 
[2026-08-26 15:47:01] Starting authentication for key: FH9uuV-s... HWID: 0010C982_af196105_a825_4ec5_bd6a_83bb40becda9
[2026-08-26 15:47:02] Server Response (HTTP 200): {"success":true,"session_token":"9b48f6d2f19cdf2ca7be48749a4a18055ceb60de6cd45ff732b093214758cfdc","snonce":"5581f1a2123e48c1d9728ed5356ba89c","cnonce":"3e9a103fde102fbbafd09d5e524d0481","ts":1787752022,"signature":"cqHgsJ/FMiNaSL/WUf5ZX0Uf9tCsSl9BIQcXLDohOuJWKHRT3rgiPPkojprOD95c77UV5eOvydyxAnOewDGcmamDq9oy9ky+j7SHuEMLgf4lXjwYM/KAGH0kuuiZvtXh2RIV7D/ewwV35mMEZrBrykCSZOTzxsJAYCWr7OkIHOYMjNjH5C3R/DbOYSUche9YNgO5ZN+dRHpMaFBTWz0tssTEfuCYsAZ0TlmBPS9CVGSQJuD/hLpT1YQYY50gvjV2bZ3vuDGJbHZeg/J/gNhWWRX/bS1T1nAu1FfVJe5prKLoFJVcm8BmHrVcSPpZnXHjpZ6RNqpePuGEpnZf4P1XJQ=="}
[2026-08-26 15:47:02] [SUCCESS] Authenticated successfully. Expiry: 
[2026-08-26 15:52:15] Starting authentication for key: FH9uuV-s... HWID: 0010C982_af196105_a825_4ec5_bd6a_83bb40becda9
[2026-08-26 15:52:16] Server Response (HTTP 200): {"success":true,"session_token":"89854bf2ff3e2f2562395d13eec653d3c76ce5b22744f3b8e8d3a6e5be69895e","snonce":"9c65768a11565401f60972d5baf92489","cnonce":"6cdd105b5451b9c9955f34693036170a","ts":1787752336,"signature":"BryQg44B2iwxf9leU2q/gFxsMFsMYdlHn1Kv0OjfxFqahdNWC821mjjjFdsr4n3NiITN2ZPRoJTuetozjOdkUBZ7dIhY+gJKTfYev7PgCrbVdS65w+otbibSdXQ9GmZaxj5L31dA7ULCIM/inEUqIPpXb1hNuSGxREUkg/MQaU7cH8MMIHz0DnBKdRYankfpuhX7AcE9tODbJmpzJNcpMmLRDHcRXVxbxiOZBa9UluEaCjxqfBZ/610CYFVze8VuXT9xrIdQjZB68J5hqz7MP5K9xf6sQ/tCoqsNL0dd5Lq+gPkfLj9ovQ+1IQpa7i8Ri18KIn+mIrDKHRzC2vh0bg=="}
[2026-08-26 15:52:16] [SUCCESS] Authenticated successfully. Expiry: 
[2026-08-26 15:55:22] Starting authentication for key: FH9uuV-s... HWID: 0010C982_af196105_a825_4ec5_bd6a_83bb40becda9
[2026-08-26 15:55:24] Server Response (HTTP 200): {"success":true,"session_token":"8106ee88fce45b8b0bfe213e9357c042f747567922654d768fac3034e98e8e20","snonce":"d4f97967b6180c648298347cfb409957","cnonce":"53c9adb2414996e0de70e87a0ec8d0e6","ts":1787752523,"signature":"XqmFjeHWWFwBQzFq4st0yD727bOx7RAykvUvWxXbthurpCE5m/NqvWms9jhuWvTFnrFEvnAgrMJY9rVfb9R0zHu85x9uOjh4HdCH00XpHGdwbMOssVatfdeZkSc05MtEcGACHqttO51BisqUn3hHGMRTMBwcoSN+lewwnLAP+zEyTUf7ULJQWTBSoxu2n+wpy3f6kt6WKaBhp0mQHzQ3TsmVKq9qZRu5wEzg47lgupvVkT2QcpE9uwv68OHzTOvw+wkoVGKB0MfyV/C/1VxzsU3h/ZqVpo5j1c2o1O9ItyPO198M0IOMWqie4I0J0zwVyuW1EPyTPxrpWbwOB3riFQ=="}
[2026-08-26 15:55:24] [SUCCESS] Authenticated successfully. Expiry: 
[2026-08-26 15:55:59] Starting authentication for key: FH9uuV-s... HWID: 0010C982_af196105_a825_4ec5_bd6a_83bb40becda9
[2026-08-26 15:56:00] Server Response (HTTP 200): {"success":true,"session_token":"2d33089295ddaea99bf95e47923b020d2f11ae378f2236a0cacdcb5c55af3870","snonce":"0c5a9fa12be64044811995b78ec8dd33","cnonce":"e748fbd865bb5cd0bffb11668b4a4d99","ts":1787752560,"signature":"ljcMD2V01d6DZMcTK0JuWuG2NHaJESCTySgRy/pRMeBustGQB4q26mQgorD3fXzWxrZy/fDBpvzZqKcOWzSo+bklNo9vK1QCf5x6gLcC2IsRuZLf94MNSRyl5jWhzX3rf9xy3mp1RJZv01lJBo+lqHMwl4KB3VgDYAS0eZVfBpwFT6mSf1JZk8CUAAmRtc6ePe3jtNVCDLcc9Ph10fpHutBnUvv7fI5hEVGE/IbMg5zuH7QL2nDzwS97GEIdy7EsYyoa7dJ5fcdRPEJZaLkSq2R7/zjxsAjc9wZR9NUdv2QSBJsjY2slZ65NFxQszXEFgV1ML47D4SQCdEzfjvuqWg=="}
[2026-08-26 15:56:00] [SUCCESS] Authenticated successfully. Expiry: 
[2026-08-26 15:58:45] Starting authentication for key: FH9uuV-s... HWID: 0010C982_af196105_a825_4ec5_bd6a_83bb40becda9
[2026-08-26 15:58:47] Server Response (HTTP 200): {"success":true,"session_token":"e3d3c86d41a0ec12c697e5a67d1e2d9d30f8965c2c6ee4aaab9ee7a88f9b85f8","snonce":"3276691b3b6f23d490ccfba7093898db","cnonce":"016bbaf072301a703ea27d062933a304","ts":1787752726,"signature":"QyTdXPda5NTkr5gnunx/dYIeOMUgcXgjJdBHjm3ouZsbMgki1huuJRDFFgymPi5+O7dNBIZOfLPmFCCxiW56bp44D0fNITVGsMmB2szI8nMysRxD6l+j38Nw7Hrbh0a4BshEUTahifwOduGdxb6HLk/AXxEctRD2/iuGC1UWOOboGCDLnAXqqSMaSZ1U0foDSEqEzGcbnbetlOQKwDc7QlEE/gKvQana0RV6O5mr5fXibAmXZrVf6/EJejrgqVjTDuR3PZdswnA/kS66AMR5+rRy63nOw9k7Eoj5gpl7CCnp5dj1iBH5oJAN/NnH8mAj5ZgVAenCGKhhxYl1FKZE6w=="}
[2026-08-26 15:58:47] [SUCCESS] Authenticated successfully. Expiry: 
[2026-08-26 15:59:16] Starting authentication for key: FH9uuV-s... HWID: 0010C982_af196105_a825_4ec5_bd6a_83bb40becda9
[2026-08-26 15:59:18] Server Response (HTTP 200): {"success":true,"session_token":"37f084b9c1797d7a1b651be12a4bbbe0c766f05c3a73fbf890f3f31df8f9665c","snonce":"4606c5464d452f9aec7ac32f83d54473","cnonce":"3f3e6e3bda7f7a524a4d55fbc9e5d650","ts":1787752757,"signature":"irhQ5dN7rEs+8ZJlxHgAWUqDgM0iem7m91mSxrhWsn+17d9U22Qgfy4nQomMwCKTtSToxGqZk3eWdDXgAXXBXfNhZ9+mhatuvteQYikla1apHSsVHD8ePNeTt8FTRHy9rdbZ5hiACoBGWdkan/cL4rLZuj0vG78StztUW1PUP57D+YcekhCFMw/Ctc+HPCTKrAXxGJSBKdZn3HikSTU3Mz2VAlq/CVKF7GXaKcZK6MFdbRXX4p4qEg3dmhyItiqfwzmUTyRJqqpxOPwVVlQnQPva885054Cb0/MhpfaNSzVL+hehyWy8Lo1eW+CVYm0p6Fpxdpj/Szd/9yzVUI5sVg=="}
[2026-08-26 15:59:18] [SUCCESS] Authenticated successfully. Expiry: 
[2026-08-26 16:05:01] Starting authentication for key: FH9uuV-s... HWID: 0010C982_af196105_a825_4ec5_bd6a_83bb40becda9
[2026-08-26 16:05:03] Server Response (HTTP 200): {"success":true,"session_token":"8d704dc875bcae751d876d350136c0a52a9585aaf61b2a20ff2254f42d58ecd7","snonce":"0b93b9ce3785a52da37475f640a39da9","cnonce":"df7ed7c8754a98c66dacb4a8a09873cf","ts":1787753102,"signature":"Me8enadLoiI5uocirToGcfSHZsHCBUSNJqkefnnI+1kIcUsnL/77niuIudeiI9qKVWaLMzXSnAfjWfCQqRgg2J2iWDgO8/oxgYa36tOyaCh++Xbl1hVgNV+Te2XxRGiu/lfth+tv1DYd+3Tqjr5u7rjngn9Pm6wNzRvsk49rI1/bwfOQ38Lm7ecPtA2d9+OD/M0RT9qjmoiZB/q6lpefZFy7k1TxY7veOPp2lZRx+7igZtrJa10Y0w9TSDoIN/9KrrYONDTGULRDdfWasFK6VqN8L8RY1sR/NWTPjf4aWz/mMnJXVOu3Mb6VFUO6RaP3VXg3PaKt+K993iv9ECC8Gg=="}
[2026-08-26 16:05:03] [SUCCESS] Authenticated successfully. Expiry: 
[2026-08-26 16:13:24] Starting authentication for key: FH9uuV-s... HWID: 0010C982_af196105_a825_4ec5_bd6a_83bb40becda9
[2026-08-26 16:13:26] Server Response (HTTP 200): {"success":true,"session_token":"bcdbe4a404b6b5516f64e03c9d94d23c5c9ae303773f91556fac07ea5d2764df","snonce":"aa49dd7f6ba550388b5fbf566d079742","cnonce":"8c7d3356c984650bb68326b3fe939af0","ts":1787753605,"signature":"cZPEVG0fd4Fu4aUTHpEDsEH4LGozoKA+pYGI7F3uLHVn1tlIgeQ8lV6mxHsqsLpWTEHk4/s0XUW+UVx9e+Fke+uMlFCl9g50RcQkJ3nH5/8DTPVIz8PJU8M6hVUyks5sOYMpz7FkfJCjdI5/sEmTH9r/PCDGq2DVfoHtp6zNIpPDR+2Z2npcJkkLgeC07DfxKKv45TJ94hiSVcqcvm+b2BHq0Fw3u3wpRgARTF46EAFYH+PqwNagjttVRylDqNwYA8JGa1RhNprwtaeNfwzwbzK9JfVECwUdgVIdCV5siWUOf6fEA1HB5f1oi0tX+tSnrjOW4GxdusJwIqKEsOK3Xg=="}
[2026-08-26 16:13:26] [SUCCESS] Authenticated successfully. Expiry: 
[2026-08-26 16:14:15] Starting authentication for key: FH9uuV-s... HWID: 0010C982_af196105_a825_4ec5_bd6a_83bb40becda9
[2026-08-26 16:14:16] Server Response (HTTP 200): {"success":true,"session_token":"6a4df41440475ddc35d6ec50fd55c6fb2f7f66bbe06fe93c48ee67936f5c4451","snonce":"1b23963097b5e0e716e00a1327ff3e37","cnonce":"36a02422bb16c00820bf53c0408de52a","ts":1787753656,"signature":"JYdmv97SZD5Lq22u0cIhgQAMa3JZRDq6Wv8YVeYf+IobPuibgLrijBw41Bd1uHWv4SbMY6JYRtSRfVxHcsqDVlgfJbULBlqZO9+xfgu1M5YVpaZTffYIhcmxasT74cxlPR9dV4VcIfqYlsfjneetltcsSHzod2pGXufE/5nxSHy63T7aqp6vVafD4tWe29PbqtGl4F2tdBjNF32xkfOb9DdjrhUDEzzJJMVfGJa+I8tEt4C6iXiPtePppsQE14mAYJN5ofAgKXKBciDF158TdGO1Rvy5EwQlZkaBgBHJJQ0gu/ViviHcaJU1up1aNb5Ptk2FyC2QjTBsrdAGf1+wlw=="}
[2026-08-26 16:14:16] [SUCCESS] Authenticated successfully. Expiry: 
[2026-08-26 16:16:54] Starting authentication for key: FH9uuV-s... HWID: 0010C982_af196105_a825_4ec5_bd6a_83bb40becda9
[2026-08-26 16:16:55] Server Response (HTTP 200): {"success":true,"session_token":"fd94845b1eda7a818b9810ac87477c58ad622b02953f64295707ff412b453230","snonce":"26f618ecf45baf28a2363f4621728384","cnonce":"17ddddb9bf48142917b5f49744cde211","ts":1787753815,"signature":"RYRVmZ2TDpFej0JRnosvrh1wrBwtTUGQBOHp5p2VvKNFJRqLayW5nMp6rl9m1C7FwaX/MIyNlt0gnb06bghTuAYCSB9WHS+QdaTDW2IcU4KzQsUsctbB0htH2XAqlv4D8W/gv/JEnUxwvFvo2qGnCGwxpf+QEvw2hBtBxU8MUGCaY4iMuzZTt5Pf+aevZKMIGbpfJyvmGck8ax/OhC3R4vKJuPnS+EwwW1uh0zaeFUJLTdsPf6eBOhb3dD5mcmqqfLrsK22vii0di94JSaYgLicgZ6zM9Dl2dBE4vvWgyjxKk9ziZIt7TvfiTTlHz11n1+9T7lAgqkTpAEUWNLekMg=="}
[2026-08-26 16:16:55] [SUCCESS] Authenticated successfully. Expiry: 
[2026-08-26 16:20:41] Starting authentication for key: FH9uuV-s... HWID: 0010C982_af196105_a825_4ec5_bd6a_83bb40becda9
[2026-08-26 16:20:42] Server Response (HTTP 200): {"success":true,"session_token":"b4d0f2d8f6f97bd6c946db8478e9b0899cc1776b0cffdf646f81d710730489a3","snonce":"c24b3f524949bc8e71b5154aff27a024","cnonce":"4f687f01509d3783d4c5c627ed8c1c08","ts":1787754042,"signature":"O/cmLzWn/nY8f3F7Z51tz/jfWHEX+FKP6+fatdPstP+9ZICJsIUKNCm4V+sxohfuXkLpbRw7S4qcrgK4QkZpSNr4GRWn7oPvRs1y7YACrX+Waizefz0s5s5NbyyODfZ5fqqAunc3/chIWXjVjBD1AQVG/ZkEq6QkkEaP5hlu2I59gClWWMSjOvllgX+g1w440RiQtB6JSEr+V6L3BfvRuAVN07H9cLm1xI8kFBscsu+dKrir+GJQ/OG7uzAlDd7l//sJr1LUVcqsPliRQ0J9wZNyAdLQLeJ72Txw5j1nfmv7Ue0GOWT4ANjFyB9jBbCWxSV7WVkAsoMttBmEUkOOjA=="}
[2026-08-26 16:20:42] [SUCCESS] Authenticated successfully. Expiry: 
[2026-08-26 16:22:40] Starting authentication for key: FH9uuV-s... HWID: 0010C982_af196105_a825_4ec5_bd6a_83bb40becda9
[2026-08-26 16:22:42] Server Response (HTTP 200): {"success":true,"session_token":"f0da37e2ed79d4dd92ef8aa5c93b84646437e159507753ef6013963deb8824cd","snonce":"febee73eff8ef016cbc147b58da5380c","cnonce":"c7fbad79745e61dcc21c5ab9f4f24774","ts":1787754161,"signature":"PtztqwJiShK+9qcTFE01b9a/e7hRAS0eQK7tSBESqj01ZYYY64IGQszjpJ34Pt2wb568jL9/bl9xd3Z7HpWSfSkikVRpgfhejgT7c7y0lrcj4Y3h8LZSqXPCls2QcNTCLXCK7Lq8+MJARbWEOuR0dYG6aCCtCCBc/YcY6Jb/BG3l0tXoC+/huacbsHngm4JHs7xiZ52DK0TWW4wZMkvDBVh1/bQL4EfFq2xZ+WsaAncd43NQRNXW1hDkiOjR2bZyBctwEt9BwJpNas96JejfwFYZkdN/l0ucuEUgUEjEOdC51fGz2Ex0Fd6tBRa7CWRNMT7yK8p80Hiskm3M9kl2Ag=="}
[2026-08-26 16:22:42] [SUCCESS] Authenticated successfully. Expiry: 
[2026-08-26 16:26:22] Starting authentication for key: FH9uuV-s... HWID: 0010C982_af196105_a825_4ec5_bd6a_83bb40becda9
[2026-08-26 16:26:24] Server Response (HTTP 200): {"success":true,"session_token":"3bf902d92f5bec31c43b4a7caaeb5edc22a34616db5e01d1a6442d43198a6986","snonce":"ae0317004c1785e957a3befc6283ca9a","cnonce":"132d1c46f7a5de258c5df6019b31ea7f","ts":1787754383,"signature":"br6qy5E4E4AhclH+0MRrHMDiqvHr4dDDV22DemyXYdt+QSxADw5M4wWr6+gHdjc56oF6jJvQzcye6PzTo0asseCyavcbjTxg1DOknotP0jyXxtCNoZ5sx1Alg+bDrhSIhLmJjqgw6vU/CUXnTKtCYPtQLb4lXqwjQPAjjKMZRJPFwRJdqc00rHlzszsE6VqhfZr82zFVwKw8R6BuhSFO9eaaEfpHrYjvnqcr5eEXTVaID5b8kDCZJZoYQQhOYgpQ42B8YC5X8wf0aIII2Sb1V6k/WdFduZ705e0BGdrBTtce0mY5c/sYw4Xqz+fW/cI3lAM3s7g9g+a53NPSn9P5ZQ=="}
[2026-08-26 16:26:24] [SUCCESS] Authenticated successfully. Expiry: 
[2026-08-26 16:59:44] Starting authentication for key: FH9uuV-s... HWID: 0010C982_af196105_a825_4ec5_bd6a_83bb40becda9
[2026-08-26 16:59:45] Server Response (HTTP 200): {"success":true,"session_token":"c2710d7d16ba9485cbb2d691ef07fffc323a1fb0cb9770ffd5f20de4d319fd85","snonce":"3f2fffe3846e48f2ef2886f312e96e1b","cnonce":"a82ebf24bde82e3d69946a65e7909780","ts":1787756385,"signature":"JjHQj5mQwSJslqxQgAOto+KHyM8wojpk2QYqOA69iemNFekLQ05gWygzPiJqcQ66hCWn4x5jikMXM5onCJs6hCm1Xt+v7LOatwDYEJjG5TnPuLycCCZuTh1/8TPO1KuzphlDMkx3li9car+CLjbImnVNIRgeMVd3RI6iJHRkFrlJsYg8o6+pudWDWHI6N741qLYv/sH5qjKM3NGD17eBFBlBWc2/f7bAuJx+gIC5vYmWrXxJ2SL4xchHY1RAu6DfBPmR1PHxyeJd1dxlurwMtmXMBafS5tD9Lwz4V4pqmfGI3mW8AQd53cW9Ie/s2LoUbfO8rBNcAclWFsfWv9oBag=="}
[2026-08-26 16:59:45] [SUCCESS] Authenticated successfully. Expiry: 
[2026-08-26 17:03:44] Starting authentication for key: FH9uuV-s... HWID: 0010C982_af196105_a825_4ec5_bd6a_83bb40becda9
[2026-08-26 17:03:46] Server Response (HTTP 200): {"success":true,"session_token":"79307a277f834245a650212f3cab5ef16374636b03272db59488e66bbb716bdb","snonce":"eb0812ff5bd2182bec2ca7867930d1f9","cnonce":"ceb971e2b16ee92892d17aca33ef8416","ts":1787756626,"signature":"uj8/RhW90kGYzmpxuIKXywqYCrkZLFyjN/qJt40UQkdMVxB20zBINYvkiHJA3uhVbIV6DuGuL/AniHeRhNCYxxV5zdvfEkA+QQB7UsKupeh7fc26fYTiUbORM/oRn0KmvrM43eyqg+upG/unfXe9t7JmATQ/IdfmnVz0Wo1GpAAqjBVs+MIsA07vpQqcHqKZ6xsYJImm41rH7yN4G+plv4fdHmCVpYggUWK5k4XuAQavaxMtnnjwMEe3rjsF40VJyylGDXxIsUgh8Ng56OlFaNXKOpsMwX8Or35vAJBYJ2e576J2BSIQWC01m9He8EiEprwaadNMJJZqD4dbg4QqXg=="}
[2026-08-26 17:03:46] [SUCCESS] Authenticated successfully. Expiry: 
[2026-08-26 17:04:23] Starting authentication for key: FH9uuV-s... HWID: 0010C982_af196105_a825_4ec5_bd6a_83bb40becda9
[2026-08-26 17:04:24] Server Response (HTTP 200): {"success":true,"session_token":"aff3325aff6565febda05b044fab4a258603b35a47b82ec69d774f77aaf92f47","snonce":"ae7db43189bed602cbd9e270a4645977","cnonce":"adcc80d6f41acd8045fbe1e9426bd988","ts":1787756664,"signature":"TZF+BZbnkntCVinBOKHqWDbD7dfc7qo4x53MRLYMF0O+81myh5rtrc8Z5CuAxecwQckOtS+i7ieuCUZ1LzXV/Sytjs+6lYaLLjsG750+7LEXKj5Vfo9U5yxeyvc3hMrxKZnr18bfEE4odVhpp4hRfgk7xlQWAx+sh835KutigYxA5e03pEqLIVZoqAu4LPiBoMewn6gQMPWYdBbUwFSbL4PhMVjPOx+WrRp76BKcs+J6mj94N3b8q3RDsKiXPlsQ/qT3PxFLQU47VrHiO1iEBo17EmfBo3rzVL9lV52nwgRzeRDq30e658rkZ5G4fdmQ3b0u+xilsuuEIcRnXb45dg=="}
[2026-08-26 17:04:24] [SUCCESS] Authenticated successfully. Expiry: 
[2026-08-26 17:07:02] Starting authentication for key: FH9uuV-s... HWID: 0010C982_af196105_a825_4ec5_bd6a_83bb40becda9
[2026-08-26 17:07:04] Server Response (HTTP 200): {"success":true,"session_token":"cdefbfa4a475340526c26f0616616d6f8011f17f7b13d2cdf9c70e5a77986242","snonce":"ac8bc950b1e622f39c8eb7e8621b28e3","cnonce":"b127dbf1c0f5f0fdb57384dd78232e14","ts":1787756823,"signature":"gSBlJ0BKxbjwAzLoCnGIiz+HIargbuUGhIPLbT0TRd505+XJOQYTEvWQSfCcdmX2iOuqO939QfOwPRi2RW4JE3MahqFvoaC94mXNh4zeuSLMcB8kmR6Od1qkNlX3uPd7EFIIRAY0eM7+6w8h0rMDUTXtkXZVqCIFviQh86lhQjQbugxzkJWVfLqHFTXMyzsmsYMfkJpIi5HYzayZGJjrEG+VhFyBh7SWA4ng7Ovhv2/+i/nIc7qQW6PLdOCrqEGy6R52fLTbOKhL76SrCzXHpDSyYJXIbzm7s6xymvE1obE4d6e8fbhwL/0HstvAlR4kDaqkyYoejGNbzy2Ckx0YFg=="}
[2026-08-26 17:07:04] [SUCCESS] Authenticated successfully. Expiry: 
[2026-08-26 17:09:14] Starting authentication for key: FH9uuV-s... HWID: 0010C982_af196105_a825_4ec5_bd6a_83bb40becda9
[2026-08-26 17:09:16] Server Response (HTTP 200): {"success":true,"session_token":"389092cd51665d7c12307fca0240a2b50069c18d7a1c39a6f233e1e62e63eec7","snonce":"566583c1693a37631552050b2853226f","cnonce":"31afa613bd1990db5eb3becfff4a3351","ts":1787756955,"signature":"UnrYHoOOOEiBihQnYYQWC5MSgtm4LNYF857t3mREJclv74hTdgime64biLCBW8W9s7vFhMSE7kL/ztptc+cKKmRrf3HicN5oLyAea9hDwVnQ1sK2nhApwA2rnNfDhoTkmG1QmmPOwIvfylUaPRhqWZeTd0LkEDU1E4G6gWh4EGP/fONLyuJghI9yL230uPsc0ZCJu4hnpAjXH8npLdJn4s41LE0J3xCZYcp/hBaFUgXIXiN29wtDCm5idPgvZXbSQnWhZs/d8f2yg6BMn/3BiEAZfATZGBfppTxda0h75NTpgh38BlDTI0QrffWW7LpjKbx5rJfwoPDVgXjsQIjUug=="}
[2026-08-26 17:09:16] [SUCCESS] Authenticated successfully. Expiry: 
[2026-08-26 17:12:31] Starting authentication for key: FH9uuV-s... HWID: 0010C982_af196105_a825_4ec5_bd6a_83bb40becda9
[2026-08-26 17:12:33] Server Response (HTTP 200): {"success":true,"session_token":"25d17aecf804b8b2fcda1cac9e7697188cb53a80c12efd68ba831d6a25679c1d","snonce":"cb553be17d562f10294fac0935e4eb9d","cnonce":"fc9beabe897fcda8892b518fa4315628","ts":1787757153,"signature":"KhG98fgoNSE7lPpOfOg/eDMvVvz6HdbQdVeSaqApvb8f65hVVkDC5cVje3azjmtEAMhPcc+OQfNz3arE/jMmmgfWD0yXxQwUgastZ9ByzA/aQ6w6ZgnxKhWem6pO0ltFesjow9T8Vf+hrTELezGtYHAY8byEtrWU/Sw6hGOFM7YYYlhsYR+hGEIwxX/DDz3myOF+ZlrWKyv/6rAIRgAk1+w7ETVKtPn01LO1XI9yxd7x2mdC5jRBIzrc3B7GELpKKl6pOB1Nw8JNR6CHjN9NdjHuNjZe9hyCOgAunP1lIzxi13FnBWyTwMJQMyDVc3okgDrKHEApkD2nYm8UlIpWPg=="}
[2026-08-26 17:12:33] [SUCCESS] Authenticated successfully. Expiry: 
[2026-08-26 17:15:41] Starting authentication for key: FH9uuV-s... HWID: 0010C982_af196105_a825_4ec5_bd6a_83bb40becda9
[2026-08-26 17:15:43] Server Response (HTTP 200): {"success":true,"session_token":"c9a6436f15a7fcc0c065acdbb88d51d2e5b91b4b283cc5304313103b67736a73","snonce":"3da3b0b905b59e8ca4cc3e08df0ab159","cnonce":"aab565a916b0363c8ab733c8a9b173b3","ts":1787757342,"signature":"EzSCR40CVwwPyg6dKJXIFoEZ+w7GickBm+Bjxmb5CAP5TTIa8vFX1taGwrrXw6hrIP7/XstVfWr/DdIs2+Ry0rsLAEeUE311sS8XzzGv2sHvaGXxk/6dZFeEDQ3byDwhUHDgzyPa4qeDWbJzWnaHko7fFsiUAljAiHYRctyL9/owBSUPauWKOLdR1+3VArtW/aXM/c+GXv86rzqiT9lLzH/svNYAZTCUhclGFEUC922tTl9FheAzC5LA/aL0sfOKYPcXYX+gs1uqUP8FaEGjhL2ReBriLboBlNa89GwPi7L+mJ24W63NTWkKk4P3BkCD/j/vB/AyJA+GAsOp0L7Hkw=="}
[2026-08-26 17:15:43] [SUCCESS] Authenticated successfully. Expiry: 
[2026-08-26 17:18:53] Starting authentication for key: FH9uuV-s... HWID: 0010C982_af196105_a825_4ec5_bd6a_83bb40becda9
[2026-08-26 17:18:55] Server Response (HTTP 200): {"success":true,"session_token":"8e8c744fffd5a84278800c8b557e272fd19846ad7fda1947aafe606f829bd35f","snonce":"ced1234d54956ae8f9317b9d67b7b6fd","cnonce":"d9983909015844c5e3c438f9ed64d75f","ts":1787757534,"signature":"QOzMK0YLmXR/O5cTm0iPms3gUnD8r8laOfqtEdgX5RvM6oymgENtbCwC3OLkapBv32fhDTPs/DzAQI2MnYAv+FzTO+ukXKpeLrrT6ICh0GizYyBgM+2QdtonqqyuOK6QqcgGjEee6tJm0Lhb8iFt3iKmxTZ2RsnVkfDuwNH9HIVRGf3w3DnuMcn6fm9plqM8SH91wOFG9JM46QFsieCnqG6sT1dJPhvfPPF3w2cRJxVRdK45q9QcLaMfRC29g6nddNuV3/T9Vfy0MwLNOT/czC31cTKroplQtCM4fpVBmRU9N9WEhqX15Cy1aF/M0lrdjqt5K9koUFcLB68gFMP6xg=="}
[2026-08-26 17:18:55] [SUCCESS] Authenticated successfully. Expiry: 
[2026-08-26 17:30:03] Starting authentication for key: FH9uuV-s... HWID: 0010C982_af196105_a825_4ec5_bd6a_83bb40becda9
[2026-08-26 17:30:05] Server Response (HTTP 200): {"success":true,"session_token":"517abbf9349f614c00e9e8e5ac9eca42a9c900a2332198db8095ad9971d12a9a","snonce":"0cad04feff26050b4afb430bfd19c3c3","cnonce":"401bd6ba13db65350d57fb967621adc7","ts":1787758204,"signature":"pdsLzcGKGCv1KZ9L7Snqn1Uu9zwyip5rMMGQz2UZNT9VOu8BHAoRtemdTdG/O/ZG36gVjiMo+oFK3E30nA7rAaTVsToR8vXyfAKoObTRWSfY7vZgyRfAjacGdNx9SJm5clX+ntx4ehXL/sJiw1NW8bIthC9JsS+HZydugBZ6AcSWDxiWbQBUV2+6seFCvg6SxMzfjWK/Qo9JkTZzkubKtZYZ3z8jO1IJxJWAKL/AtL8PVbUGxgN0O6y3mSKdV8VdFbNzvWsyK5pQf54OSjfL3260sf5IVYL2QvTkDwUNq3JRYSYn3RhgubLS8/LXiJSIus06by+Tdvm/N9H1BaroVA=="}
[2026-08-26 17:30:05] [SUCCESS] Authenticated successfully. Expiry: 
[2026-08-26 17:35:54] Starting authentication for key: FH9uuV-s... HWID: 0010C982_af196105_a825_4ec5_bd6a_83bb40becda9
[2026-08-26 17:35:56] Server Response (HTTP 200): {"success":true,"session_token":"b5b2754ffb6da19bd3fd5b93257472ac7ef89ca09b7ff3b5046da6a141d638f6","snonce":"e7750f907459c509f4321c958727def5","cnonce":"d72cc6a9a37185f2edb1ad6ed92dabd9","ts":1787758555,"signature":"ZsgILOBZbbTWcXVjgzb/VFeFQQIm5M/2rk4X8vFAb0joaesJf37zS+v+wN4nWTcteKl9dbaH92ThpZQsekNJ9lp9zpQgR+iL4dUdRKwGhWU9U9PNV9Wj5cw+21iKHnIe+ZJG6KDgmjY6DUJ2nhFjL2ZW2eSx54PMSH9ZllzEAKV4FCPkqzNiP2k7Uu2h4ZyW/GFJeMDWV0bt3GP5ZqQUsKYTWQSmtJje18eXcG9pbV3Z9PB+SCqbw9UjbpizU85B/Ez3qHN4ypTRauz2ykpPN1sbp/Iy7KvUMnLmJjhpUe2lX6WhglD98M7bx0mZD5EMrv+SAnCBtl/39AS0lxfbqA=="}
[2026-08-26 17:35:56] [SUCCESS] Authenticated successfully. Expiry: 
[2026-08-26 17:39:34] Starting authentication for key: FH9uuV-s... HWID: 0010C982_af196105_a825_4ec5_bd6a_83bb40becda9
[2026-08-26 17:39:36] Server Response (HTTP 200): {"success":true,"session_token":"627b81b111c6446410459af9df48a747870ab32807b44fd76b7776462822546a","snonce":"8be2051373c39f73b2fe36b5ed481b30","cnonce":"692e1a2ab0ab84f5d388551aabb6d08d","ts":1787758775,"signature":"ATkfZT41bZWqMWkPaIeSI8A3kwSP8XYKl54vnZiRNPa9tH8mJCgY9PrEjZun4CDoP3RR4PjDzIWViofu/6JtVeTSwQ4UeUzdclUQHpq7YSX7wG8NKHYzxT3c8mUYdCUgGyfQhWd4H4H8qmhrpgOS68sXFHuEEiEcH0WC2/L5YwVAAwit1WLhFJlSDS/XhSevICt9X0wqzBFXxkjsTHZKN0F41BVoHUp232uyXeAke8C2r/nVrUJXwatTnH9wN8tf7pnKkHgzfbIJ4Asju7j6c6Am2SaS3qCTDFDnfh38xgvb9KRI4eccnl4rw7xJwtBURgteyQdZKppikC/KN1AZig=="}
[2026-08-26 17:39:36] [SUCCESS] Authenticated successfully. Expiry: 
[2026-08-26 17:42:31] Starting authentication for key: FH9uuV-s... HWID: 0010C982_af196105_a825_4ec5_bd6a_83bb40becda9
[2026-08-26 17:42:33] Server Response (HTTP 200): {"success":true,"session_token":"bdd06c9d7c846be0338650fb5fac141262f2959cfd7f6ac6c771d07e7aecda78","snonce":"32ada1ca33d46decb07d622962f4c35d","cnonce":"d5292f5be8dbd46062523cf74acf4b2b","ts":1787758953,"signature":"bMXny6TnKIOeYRBqsDje3rNPW4AVr9fi7GwOv1KujIQy00KWBaoz1GTqCyKa9QPrN5XOFU9FwOwc51oBN9t7mC1Q2hVvraBM3Syc7ZJkX2JB+okgeq9fnZLvnOBucK7+xq40DxgK0UaMqJeTwVGdxmH4Ok8betON7USyXqJXkyKRiB80nvNcpFeKvX9C+lG7pkJvRqZ/ng/2fEWykI2R1xDZ9rw76JFDXurNZuX12BcexDetxYzvqSLVa5u10hI83+W/TK7InXZ5ACWzS0vsYulGMvxeeRSAvSp8gMXyvvsLCeGtJ3K/ACB6MnsYb88ZRyT4jeuCeevk77B22q4lrA=="}
[2026-08-26 17:42:33] [SUCCESS] Authenticated successfully. Expiry: 
[2026-08-26 17:45:18] Starting authentication for key: FH9uuV-s... HWID: 0010C982_af196105_a825_4ec5_bd6a_83bb40becda9
[2026-08-26 17:45:20] Server Response (HTTP 200): {"success":true,"session_token":"6a9b18a745ecef4e51cf5cb0aaeca05ad5d05c74491b4bfd4380154e26493844","snonce":"d7bab4ab1bbceeeac04d5a9a10e96502","cnonce":"b3ab19a811b2a2935ddf846afab5f8ad","ts":1787759119,"signature":"o1VSOVrb6QlNhQwhvol0Xm1dFsS9Ek/Yxr8BBGLY8YxfvEECS58cbhCz1DOoUZc4k+ZLWUwx2vdaOGp8mks7h0VkmVK7z3eoP3vRdS8nzIRw0dfymM6/SCXhPiinSHFOnp2F+gLubXsAed5BeW1gm3V0Kq/Sf99MOV5pjVgyIZLkw2c0hUz+jocmaRH/eMO98GWz5B4q+Bh0NkuaJksneZYGo+ts1gHCtkjNSZ4FTnG9aH8Wmqjg2iGeiG8rUCLI9+3KLNMbwkCR8WDaFUL8wSH54WnemBqmME+qT/3r5v8mLz3fryqP8/1RTkNPCzCnJpG5EgQFgAST7rAhxohfvA=="}
[2026-08-26 17:45:20] [SUCCESS] Authenticated successfully. Expiry: 
[2026-08-26 17:47:25] Starting authentication for key: FH9uuV-s... HWID: 0010C982_af196105_a825_4ec5_bd6a_83bb40becda9
[2026-08-26 17:47:27] Server Response (HTTP 200): {"success":true,"session_token":"124927c7c152d41c13306fd3e370cefd0e4af42f3623108ff037e3b7b0531fa5","snonce":"058dd714ac6be82af73bc0437984424a","cnonce":"aa3d30e64e06be25d10670e92bf8e349","ts":1787759246,"signature":"pw3jVGNLrm4KR2Bx0KAIGTp3xHWs93AaJ0WAR7+7gwvjx3LutsxsDrRUemC/HO2bMM1djZe/EEYIoCEiAqX6VFrDMRFS0ZF8JraG1L1epwUoZG1IUnKZm+uGAMQzU5Xi6eBE3KxOQjTXO7MoN5zC7TH02Fsydm4iZd5kYcK2Rurm0ZwcEElz/Wi1DgVrt5oaj5O7cyh6v7jb1NylBQu7nG/ALwIX6XHP2qs/s0WvlushkrjWU5JmCf/SJVUWIZwJB6j/vKaEO8o0Miv72l+eWHQCwBUs/Fts995AZw+4i2QNfvjApoVt6sXXyAK2n7+nQY5IZBuUCcj5ostMHqpPew=="}
[2026-08-26 17:47:27] [SUCCESS] Authenticated successfully. Expiry: 
[2026-08-26 17:52:28] Starting authentication for key: FH9uuV-s... HWID: 0010C982_af196105_a825_4ec5_bd6a_83bb40becda9
[2026-08-26 17:52:30] Server Response (HTTP 200): {"success":true,"session_token":"3dca570f395c740326943785dee61dbbb1da452edc5506c626120a0d0bd9dc82","snonce":"dee33dee75f71e8031ea14df57b5956e","cnonce":"8a408d6006fb09311f25010f8bd70b3b","ts":1787759549,"signature":"Gs6YOMOJHgMZG0tjMO77LGwSld4nGsrXObJhlb/ONNQEDegDLaNG5sNZSaiwNRquYUE0rIQIxSRN5eelssKZ/IRRSu/WxGZQpdDx4lBLV1N61vv6YRf7LvWkoiftQGoPOeYmh9wDX9BH3jbLHst8erUwy5rjV8RB1KmSP6uOjPX6PjeR6Latf3qB02FhZX+oUidike4ZLhFi+CiYP51gyE2bjq0odtvWd1U9d8IXNiIOYJaHfQ1cdE4Lv+9ifiLLs3vFrirlo3IarHYGJNlxOtGGrai5gf3aHv01/FRM1WJLJqPBTvhkVipD6TCpdOYQxoXKZuBrQdcG/iC0RNSCpA=="}
[2026-08-26 17:52:30] [SUCCESS] Authenticated successfully. Expiry: 
[2026-08-26 17:54:46] Starting authentication for key: FH9uuV-s... HWID: 0010C982_af196105_a825_4ec5_bd6a_83bb40becda9
[2026-08-26 17:54:48] Server Response (HTTP 200): {"success":true,"session_token":"0cc0ac2f7256794315a3f939ea5eb7b2aa953c208d9b74aa1904c99f831c25da","snonce":"adfe112c3fbdb7027d37fc77730d1db1","cnonce":"e08671317eb1abbbfd9583d343d2cc25","ts":1787759688,"signature":"wQz9FV37LO6L3qLFXCdSc4CidxuDCxS8gwTRQ9FgNs4lu7B5Jq0qgOFtHJZvAG3pZK0h0Fvp9c5Yi2cGFHlUND7VlxMKeMGqJPbKf/p3G0bzxCIhSJtGDXC/9CC98/K73D5Xg0Y6bDicF0TjrvoWDOM/vEeJi/2iwg03JhTHcrGERO27oFVcPF+McE62JVbmSAzxyop/vbDRgx9i/OL2eV+GSvvHtrZNnQgBQzyyxrh7+00qmvPZ5dHOvKTiH95xNo5uvKmTbg4IB5ZiTl07TG8UD75ai5PrR24Tog8FYDct3tTFHqNk8YP+9ewZMuX2MN46OLsI0FOQVpsVReersw=="}
[2026-08-26 17:54:48] [SUCCESS] Authenticated successfully. Expiry: 
[2026-08-26 17:56:52] Starting authentication for key: FH9uuV-s... HWID: 0010C982_af196105_a825_4ec5_bd6a_83bb40becda9
[2026-08-26 17:56:55] Server Response (HTTP 200): {"success":true,"session_token":"f4ba4c6ceacb1e2376e9804fdb6e3a45867f79f12e66f051555239a209c19ae1","snonce":"b3bb0e65b8adf3510d3f03b3671457a3","cnonce":"8da5b7efde9aeb66d081013614180ef1","ts":1787759814,"signature":"OuI3V3zc0J1KhGHXRHh+By9U8PfMKs8t0SUsjjJsLKEjmRt/oYbwSrNCrL8oRhqXaeJF/NK2cG55gyGHd20KPTdPsmxiIu+NF5wM/ncKPWAikF808mjcyWAaP+wCo09juLC8l2+yYUJGGZ51kZHLxjW37DIUMTYs2Sfoy5xYKPXlufOA0H5RwRPnT2iVXJ20+1Q+OY1Fb+uLYp7eopM6T5tWTr0P1wmJBiSeLcPQMdp57Sm9CAlPvRfY9FoKIpnmd2/P+5UA73kF+niCRTnCXA9G/iqtkbcaF13LbcKBS9eVknWn+yBzcaLdN/OktM+hiS9ahGxb8txV/12kPkp41A=="}
[2026-08-26 17:56:55] [SUCCESS] Authenticated successfully. Expiry: 
[2026-08-26 17:59:51] Starting authentication for key: FH9uuV-s... HWID: 0010C982_af196105_a825_4ec5_bd6a_83bb40becda9
[2026-08-26 17:59:53] Server Response (HTTP 200): {"success":true,"session_token":"afcf7c23761b2e16789dd489afedec09270c27feb5edeb87cc83d178f1de503c","snonce":"29f08957e6023f49d20540417f24b515","cnonce":"a18dc831c7254ff1fc70535402be557e","ts":1787759993,"signature":"rsKtby2gSlRwffOk9/YxHbJ1Mp8JBDHcTG6j6fKaM9LNsEphZynNplR6PhsJDMrOivEe1l7TKEffeH4HEht7BDj4QqiiT4ez5+9/UlkpL/Cx/C+FokkBrgR0N0KJDdtQrq3lmzdPehsOMh3/c4k9DhyPG0M5a1G8R2jxlzpZbT2+ROy2CPfOl8PFJuGW5YUaQDXwLH+eXlTpFQl0geggvjCHMb23EfN1INEOPHRC2biACiOnwaE1i6o17sfjG3OLSRiffp+SpdYn4/IOf/LqNyOxYVphkWDIEHP2V2GLsw1/AGMYLZAiCkct2qIN2BEqaColD7O3p0eQNbU/uvhB/w=="}
[2026-08-26 17:59:53] [SUCCESS] Authenticated successfully. Expiry: 
